Calculating task graph as no cached configuration is available for tasks: :demo:assembleDebug

> Configure project :demo
WARNING: The option setting 'android.r8.maxWorkers=4' is experimental.
WARNING: We recommend using a newer Android Gradle plugin to use compileSdk = 36

This Android Gradle plugin (8.9.0) was tested up to compileSdk = 35.

You are strongly encouraged to update your project to use a newer
Android Gradle plugin that has been tested with compileSdk = 36.

If you are already using the latest version of the Android Gradle plugin,
you may need to wait until a newer version with support for compileSdk = 36 is available.

For more information refer to the compatibility table:
https://d.android.com/r/tools/api-level-support

To suppress this warning, add/update
    android.suppressUnsupportedCompileSdk=37,36
to this project's gradle.properties.

> Task :lib:preBuild UP-TO-DATE
> Task :demo:checkKotlinGradlePluginConfigurationErrors SKIPPED
> Task :demo:preBuild UP-TO-DATE
> Task :lib:preDebugBuild UP-TO-DATE
> Task :demo:preDebugBuild UP-TO-DATE
> Task :lib:writeDebugAarMetadata UP-TO-DATE
> Task :demo:generateDebugResValues UP-TO-DATE
> Task :lib:generateDebugResValues UP-TO-DATE
> Task :lib:javaPreCompileDebug UP-TO-DATE
> Task :demo:createDebugCompatibleScreenManifests UP-TO-DATE
> Task :lib:extractDeepLinksDebug UP-TO-DATE
> Task :demo:extractDeepLinksDebug UP-TO-DATE
> Task :demo:generateDebugResources UP-TO-DATE
> Task :lib:generateDebugResources UP-TO-DATE
> Task :demo:mergeDebugNativeDebugMetadata NO-SOURCE
> Task :demo:javaPreCompileDebug UP-TO-DATE
> Task :lib:processDebugManifest UP-TO-DATE
> Task :demo:writeDebugAppMetadata UP-TO-DATE
> Task :demo:packageDebugResources UP-TO-DATE
> Task :demo:validateSigningDebug UP-TO-DATE
> Task :demo:checkDebugAarMetadata UP-TO-DATE
> Task :lib:processDebugJavaRes NO-SOURCE
> Task :demo:writeDebugSigningConfigVersions UP-TO-DATE
> Task :demo:mergeDebugShaders UP-TO-DATE
> Task :lib:mergeDebugJniLibFolders UP-TO-DATE
> Task :demo:mergeDebugJniLibFolders UP-TO-DATE
> Task :lib:mergeDebugShaders UP-TO-DATE
> Task :lib:packageDebugResources UP-TO-DATE
> Task :demo:desugarDebugFileDependencies UP-TO-DATE
> Task :demo:compileDebugShaders NO-SOURCE
> Task :lib:mergeDebugNativeLibs NO-SOURCE
> Task :demo:dataBindingMergeDependencyArtifactsDebug UP-TO-DATE
> Task :demo:generateDebugAssets UP-TO-DATE
> Task :lib:compileDebugLibraryResources UP-TO-DATE
> Task :lib:compileDebugShaders NO-SOURCE
> Task :lib:generateDebugAssets UP-TO-DATE
> Task :demo:parseDebugLocalResources UP-TO-DATE
> Task :lib:parseDebugLocalResources UP-TO-DATE
> Task :lib:copyDebugJniLibsProjectOnly UP-TO-DATE
> Task :lib:mergeDebugAssets UP-TO-DATE
> Task :demo:mapDebugSourceSetPaths UP-TO-DATE
> Task :demo:mergeDebugResources UP-TO-DATE
> Task :lib:generateDebugRFile UP-TO-DATE
> Task :demo:processDebugMainManifest UP-TO-DATE
> Task :demo:processDebugManifest UP-TO-DATE
> Task :demo:processDebugManifestForPackage UP-TO-DATE
> Task :demo:dataBindingGenBaseClassesDebug UP-TO-DATE
> Task :lib:compileDebugJavaWithJavac UP-TO-DATE
> Task :lib:bundleLibCompileToJarDebug UP-TO-DATE

> Task :demo:processDebugResources UP-TO-DATE
WARNING: We recommend using a newer Android Gradle plugin to use compileSdk = 36

This Android Gradle plugin (8.9.0) was tested up to compileSdk = 35.

You are strongly encouraged to update your project to use a newer
Android Gradle plugin that has been tested with compileSdk = 36.

If you are already using the latest version of the Android Gradle plugin,
you may need to wait until a newer version with support for compileSdk = 36 is available.

For more information refer to the compatibility table:
https://d.android.com/r/tools/api-level-support

To suppress this warning, add/update
    android.suppressUnsupportedCompileSdk=37,36
to this project's gradle.properties.

> Task :demo:compileDebugKotlin UP-TO-DATE
> Task :demo:processDebugJavaRes UP-TO-DATE
> Task :demo:mergeDebugNativeLibs NO-SOURCE
> Task :demo:stripDebugDebugSymbols NO-SOURCE
> Task :demo:mergeDebugAssets UP-TO-DATE
> Task :demo:mergeDebugJavaResource UP-TO-DATE
> Task :demo:checkDebugDuplicateClasses UP-TO-DATE
> Task :demo:compressDebugAssets UP-TO-DATE
> Task :lib:bundleLibRuntimeToJarDebug
> Task :demo:mergeExtDexDebug UP-TO-DATE
> Task :demo:compileDebugJavaWithJavac UP-TO-DATE
> Task :lib:bundleLibRuntimeToDirDebug
> Task :demo:dexBuilderDebug
> Task :demo:mergeDebugGlobalSynthetics UP-TO-DATE
> Task :demo:mergeProjectDexDebug
> Task :demo:mergeLibDexDebug
> Task :demo:packageDebug
> Task :demo:assembleDebug
> Task :demo:createDebugApkListingFileRedirect UP-TO-DATE

[Incubating] Problems report is available at: file:///D:/AsyncAnimator/build/reports/problems/problems-report.html

Deprecated Gradle features were used in this build, making it incompatible with Gradle 10.

You can use '--warning-mode all' to show the individual deprecation warnings and determine if they come from your own scripts or plugins.

For more on this, please refer to https://docs.gradle.org/9.4.1/userguide/command_line_interface.html#sec:command_line_warnings in the Gradle documentation.

BUILD SUCCESSFUL in 4s
54 actionable tasks: 6 executed, 48 up-to-date
Configuration cache entry stored.
